Archive member included to satisfy reference by file (symbol)

C:/ST/STM32CubeIDE_1.16.0/STM32CubeIDE/plugins/com.st.stm32cube.ide.mcu.externaltools.gnu-tools-for-stm32.12.3.rel1.win32_1.0.200.202406191623/tools/bin/../lib/gcc/arm-none-eabi/12.3.1/../../../../arm-none-eabi/lib/thumb/v7e-m+fp/hard\libc_nano.a(libc_a-exit.o)
                              C:/ST/STM32CubeIDE_1.16.0/STM32CubeIDE/plugins/com.st.stm32cube.ide.mcu.externaltools.gnu-tools-for-stm32.12.3.rel1.win32_1.0.200.202406191623/tools/bin/../lib/gcc/arm-none-eabi/12.3.1/../../../../arm-none-eabi/lib/thumb/v7e-m+fp/hard/crt0.o (exit)
C:/ST/STM32CubeIDE_1.16.0/STM32CubeIDE/plugins/com.st.stm32cube.ide.mcu.externaltools.gnu-tools-for-stm32.12.3.rel1.win32_1.0.200.202406191623/tools/bin/../lib/gcc/arm-none-eabi/12.3.1/../../../../arm-none-eabi/lib/thumb/v7e-m+fp/hard\libc_nano.a(libc_a-findfp.o)
                              C:/ST/STM32CubeIDE_1.16.0/STM32CubeIDE/plugins/com.st.stm32cube.ide.mcu.externaltools.gnu-tools-for-stm32.12.3.rel1.win32_1.0.200.202406191623/tools/bin/../lib/gcc/arm-none-eabi/12.3.1/../../../../arm-none-eabi/lib/thumb/v7e-m+fp/hard\libc_nano.a(libc_a-exit.o) (__stdio_exit_handler)
C:/ST/STM32CubeIDE_1.16.0/STM32CubeIDE/plugins/com.st.stm32cube.ide.mcu.externaltools.gnu-tools-for-stm32.12.3.rel1.win32_1.0.200.202406191623/tools/bin/../lib/gcc/arm-none-eabi/12.3.1/../../../../arm-none-eabi/lib/thumb/v7e-m+fp/hard\libc_nano.a(libc_a-fwalk.o)
                              C:/ST/STM32CubeIDE_1.16.0/STM32CubeIDE/plugins/com.st.stm32cube.ide.mcu.externaltools.gnu-tools-for-stm32.12.3.rel1.win32_1.0.200.202406191623/tools/bin/../lib/gcc/arm-none-eabi/12.3.1/../../../../arm-none-eabi/lib/thumb/v7e-m+fp/hard\libc_nano.a(libc_a-findfp.o) (_fwalk_sglue)
C:/ST/STM32CubeIDE_1.16.0/STM32CubeIDE/plugins/com.st.stm32cube.ide.mcu.externaltools.gnu-tools-for-stm32.12.3.rel1.win32_1.0.200.202406191623/tools/bin/../lib/gcc/arm-none-eabi/12.3.1/../../../../arm-none-eabi/lib/thumb/v7e-m+fp/hard\libc_nano.a(libc_a-stdio.o)
                              C:/ST/STM32CubeIDE_1.16.0/STM32CubeIDE/plugins/com.st.stm32cube.ide.mcu.externaltools.gnu-tools-for-stm32.12.3.rel1.win32_1.0.200.202406191623/tools/bin/../lib/gcc/arm-none-eabi/12.3.1/../../../../arm-none-eabi/lib/thumb/v7e-m+fp/hard\libc_nano.a(libc_a-findfp.o) (__sread)
C:/ST/STM32CubeIDE_1.16.0/STM32CubeIDE/plugins/com.st.stm32cube.ide.mcu.externaltools.gnu-tools-for-stm32.12.3.rel1.win32_1.0.200.202406191623/tools/bin/../lib/gcc/arm-none-eabi/12.3.1/../../../../arm-none-eabi/lib/thumb/v7e-m+fp/hard\libc_nano.a(libc_a-memset.o)
                              C:/ST/STM32CubeIDE_1.16.0/STM32CubeIDE/plugins/com.st.stm32cube.ide.mcu.externaltools.gnu-tools-for-stm32.12.3.rel1.win32_1.0.200.202406191623/tools/bin/../lib/gcc/arm-none-eabi/12.3.1/../../../../arm-none-eabi/lib/thumb/v7e-m+fp/hard/crt0.o (memset)
C:/ST/STM32CubeIDE_1.16.0/STM32CubeIDE/plugins/com.st.stm32cube.ide.mcu.externaltools.gnu-tools-for-stm32.12.3.rel1.win32_1.0.200.202406191623/tools/bin/../lib/gcc/arm-none-eabi/12.3.1/../../../../arm-none-eabi/lib/thumb/v7e-m+fp/hard\libc_nano.a(libc_a-closer.o)
                              C:/ST/STM32CubeIDE_1.16.0/STM32CubeIDE/plugins/com.st.stm32cube.ide.mcu.externaltools.gnu-tools-for-stm32.12.3.rel1.win32_1.0.200.202406191623/tools/bin/../lib/gcc/arm-none-eabi/12.3.1/../../../../arm-none-eabi/lib/thumb/v7e-m+fp/hard\libc_nano.a(libc_a-stdio.o) (_close_r)
C:/ST/STM32CubeIDE_1.16.0/STM32CubeIDE/plugins/com.st.stm32cube.ide.mcu.externaltools.gnu-tools-for-stm32.12.3.rel1.win32_1.0.200.202406191623/tools/bin/../lib/gcc/arm-none-eabi/12.3.1/../../../../arm-none-eabi/lib/thumb/v7e-m+fp/hard\libc_nano.a(libc_a-reent.o)
                              C:/ST/STM32CubeIDE_1.16.0/STM32CubeIDE/plugins/com.st.stm32cube.ide.mcu.externaltools.gnu-tools-for-stm32.12.3.rel1.win32_1.0.200.202406191623/tools/bin/../lib/gcc/arm-none-eabi/12.3.1/../../../../arm-none-eabi/lib/thumb/v7e-m+fp/hard\libc_nano.a(libc_a-closer.o) (errno)
C:/ST/STM32CubeIDE_1.16.0/STM32CubeIDE/plugins/com.st.stm32cube.ide.mcu.externaltools.gnu-tools-for-stm32.12.3.rel1.win32_1.0.200.202406191623/tools/bin/../lib/gcc/arm-none-eabi/12.3.1/../../../../arm-none-eabi/lib/thumb/v7e-m+fp/hard\libc_nano.a(libc_a-impure.o)
                              C:/ST/STM32CubeIDE_1.16.0/STM32CubeIDE/plugins/com.st.stm32cube.ide.mcu.externaltools.gnu-tools-for-stm32.12.3.rel1.win32_1.0.200.202406191623/tools/bin/../lib/gcc/arm-none-eabi/12.3.1/../../../../arm-none-eabi/lib/thumb/v7e-m+fp/hard\libc_nano.a(libc_a-reent.o) (_impure_ptr)
C:/ST/STM32CubeIDE_1.16.0/STM32CubeIDE/plugins/com.st.stm32cube.ide.mcu.externaltools.gnu-tools-for-stm32.12.3.rel1.win32_1.0.200.202406191623/tools/bin/../lib/gcc/arm-none-eabi/12.3.1/../../../../arm-none-eabi/lib/thumb/v7e-m+fp/hard\libc_nano.a(libc_a-lseekr.o)
[...]
Memory Configuration

Name             Origin             Length             Attributes
CCMRAM           0x10000000         0x00010000         xrw
RAM              0x20000000         0x00020000         xrw
FLASH            0x08000000         0x00100000         xr
*default*        0x00000000         0xffffffff

Linker script and memory map

LOAD C:/ST/STM32CubeIDE_1.16.0/STM32CubeIDE/plugins/com.st.stm32cube.ide.mcu.externaltools.gnu-tools-for-stm32.12.3.rel1.win32_1.0.200.202406191623/tools/bin/../lib/gcc/arm-none-eabi/12.3.1/thumb/v7e-m+fp/hard/crti.o
LOAD C:/ST/STM32CubeIDE_1.16.0/STM32CubeIDE/plugins/com.st.stm32cube.ide.mcu.externaltools.gnu-tools-for-stm32.12.3.rel1.win32_1.0.200.202406191623/tools/bin/../lib/gcc/arm-none-eabi/12.3.1/thumb/v7e-m+fp/hard/crtbegin.o
LOAD C:/ST/STM32CubeIDE_1.16.0/STM32CubeIDE/plugins/com.st.stm32cube.ide.mcu.externaltools.gnu-tools-for-stm32.12.3.rel1.win32_1.0.200.202406191623/tools/bin/../lib/gcc/arm-none-eabi/12.3.1/../../../../arm-none-eabi/lib/thumb/v7e-m+fp/hard/crt0.o
LOAD ./Core/Src/main.o
LOAD ./Core/Src/misc.o
LOAD ./Core/Src/startup_stm32f4xx.o
LOAD ./Core/Src/stm32_ub_vga_screen.o
LOAD ./Core/Src/stm32f4xx_dma.o
LOAD ./Core/Src/stm32f4xx_gpio.o
LOAD ./Core/Src/stm32f4xx_rcc.o
LOAD ./Core/Src/stm32f4xx_tim.o
LOAD ./Core/Src/system_stm32f4xx.o
LOAD ./Core/Startup/startup_stm32f407vgtx.o
LOAD ./Drivers/STM32F4xx_HAL_Driver/Src/stm32f4xx_hal.o
LOAD ./Drivers/STM32F4xx_HAL_Driver/Src/stm32f4xx_hal_cortex.o
LOAD ./Drivers/STM32F4xx_HAL_Driver/Src/stm32f4xx_hal_dma.o
LOAD ./Drivers/STM32F4xx_HAL_Driver/Src/stm32f4xx_hal_dma_ex.o
LOAD ./Drivers/STM32F4xx_HAL_Driver/Src/stm32f4xx_hal_exti.o
LOAD ./Drivers/STM32F4xx_HAL_Driver/Src/stm32f4xx_hal_flash.o
LOAD ./Drivers/STM32F4xx_HAL_Driver/Src/stm32f4xx_hal_flash_ex.o
LOAD ./Drivers/STM32F4xx_HAL_Driver/Src/stm32f4xx_hal_flash_ramfunc.o
LOAD ./Drivers/STM32F4xx_HAL_Driver/Src/stm32f4xx_hal_gpio.o
LOAD ./Drivers/STM32F4xx_HAL_Driver/Src/stm32f4xx_hal_pwr.o
LOAD ./Drivers/STM32F4xx_HAL_Driver/Src/stm32f4xx_hal_pwr_ex.o
LOAD ./Drivers/STM32F4xx_HAL_Driver/Src/stm32f4xx_hal_rcc.o
LOAD ./Drivers/STM32F4xx_HAL_Driver/Src/stm32f4xx_hal_rcc_ex.o
LOAD ./Drivers/STM32F4xx_HAL_Driver/Src/stm32f4xx_hal_tim.o
LOAD ./Drivers/STM32F4xx_HAL_Driver/Src/stm32f4xx_hal_tim_ex.o
START GROUP
LOAD C:/ST/STM32CubeIDE_1.16.0/STM32CubeIDE/plugins/com.st.stm32cube.ide.mcu.externaltools.gnu-tools-for-stm32.12.3.rel1.win32_1.0.200.202406191623/tools/bin/../lib/gcc/arm-none-eabi/12.3.1/../../../../arm-none-eabi/lib/thumb/v7e-m+fp/hard\libc_nano.a
LOAD C:/ST/STM32CubeIDE_1.16.0/STM32CubeIDE/plugins/com.st.stm32cube.ide.mcu.externaltools.gnu-tools-for-stm32.12.3.rel1.win32_1.0.200.202406191623/tools/bin/../lib/gcc/arm-none-eabi/12.3.1/../../../../arm-none-eabi/lib/thumb/v7e-m+fp/hard\libm.a
END GROUP
START GROUP
LOAD C:/ST/STM32CubeIDE_1.16.0/STM32CubeIDE/plugins/com.st.stm32cube.ide.mcu.externaltools.gnu-tools-for-stm32.12.3.rel1.win32_1.0.200.202406191623/tools/bin/../lib/gcc/arm-none-eabi/12.3.1/thumb/v7e-m+fp/hard\libgcc.a
LOAD C:/ST/STM32CubeIDE_1.16.0/STM32CubeIDE/plugins/com.st.stm32cube.ide.mcu.externaltools.gnu-tools-for-stm32.12.3.rel1.win32_1.0.200.202406191623/tools/bin/../lib/gcc/arm-none-eabi/12.3.1/../../../../arm-none-eabi/lib/thumb/v7e-m+fp/hard\libc_nano.a
END GROUP
START GROUP
LOAD C:/ST/STM32CubeIDE_1.16.0/STM32CubeIDE/plugins/com.st.stm32cube.ide.mcu.externaltools.gnu-tools-for-stm32.12.3.rel1.win32_1.0.200.202406191623/tools/bin/../lib/gcc/arm-none-eabi/12.3.1/thumb/v7e-m+fp/hard\libgcc.a
LOAD C:/ST/STM32CubeIDE_1.16.0/STM32CubeIDE/plugins/com.st.stm32cube.ide.mcu.externaltools.gnu-tools-for-stm32.12.3.rel1.win32_1.0.200.202406191623/tools/bin/../lib/gcc/arm-none-eabi/12.3.1/../../../../arm-none-eabi/lib/thumb/v7e-m+fp/hard\libc_nano.a
LOAD C:/ST/STM32CubeIDE_1.16.0/STM32CubeIDE/plugins/com.st.stm32cube.ide.mcu.externaltools.gnu-tools-for-stm32.12.3.rel1.win32_1.0.200.202406191623/tools/bin/../lib/gcc/arm-none-eabi/12.3.1/../../../../arm-none-eabi/lib/thumb/v7e-m+fp/hard\libnosys.a
END GROUP
START GROUP
LOAD C:/ST/STM32CubeIDE_1.16.0/STM32CubeIDE/plugins/com.st.stm32cube.ide.mcu.externaltools.gnu-tools-for-stm32.12.3.rel1.win32_1.0.200.202406191623/tools/bin/../lib/gcc/arm-none-eabi/12.3.1/thumb/v7e-m+fp/hard\libgcc.a
LOAD C:/ST/STM32CubeIDE_1.16.0/STM32CubeIDE/plugins/com.st.stm32cube.ide.mcu.externaltools.gnu-tools-for-stm32.12.3.rel1.win32_1.0.200.202406191623/tools/bin/../lib/gcc/arm-none-eabi/12.3.1/../../../../arm-none-eabi/lib/thumb/v7e-m+fp/hard\libc_nano.a
LOAD C:/ST/STM32CubeIDE_1.16.0/STM32CubeIDE/plugins/com.st.stm32cube.ide.mcu.externaltools.gnu-tools-for-stm32.12.3.rel1.win32_1.0.200.202406191623/tools/bin/../lib/gcc/arm-none-eabi/12.3.1/../../../../arm-none-eabi/lib/thumb/v7e-m+fp/hard\libnosys.a
END GROUP
LOAD C:/ST/STM32CubeIDE_1.16.0/STM32CubeIDE/plugins/com.st.stm32cube.ide.mcu.externaltools.gnu-tools-for-stm32.12.3.rel1.win32_1.0.200.202406191623/tools/bin/../lib/gcc/arm-none-eabi/12.3.1/thumb/v7e-m+fp/hard/crtend.o
LOAD C:/ST/STM32CubeIDE_1.16.0/STM32CubeIDE/plugins/com.st.stm32cube.ide.mcu.externaltools.gnu-tools-for-stm32.12.3.rel1.win32_1.0.200.202406191623/tools/bin/../lib/gcc/arm-none-eabi/12.3.1/thumb/v7e-m+fp/hard/crtn.o
                0x20020000                        _estack = (ORIGIN (RAM) + LENGTH (RAM))
                0x00000200                        _Min_Heap_Size = 0x200
                0x00000400                        _Min_Stack_Size = 0x400

.isr_vector     0x08000000      0x188
                0x08000000                        . = ALIGN (0x4)
 *(.isr_vector)
 .isr_vector    0x08000000      0x188 ./Core/Startup/startup_stm32f407vgtx.o
                0x08000000                g_pfnVectors
                0x08000188                        . = ALIGN (0x4)

.text           0x08000188     0x1450
                0x08000188                        . = ALIGN (0x4)
 *(.text)
 .text          0x08000188       0x40 C:/ST/STM32CubeIDE_1.16.0/STM32CubeIDE/plugins/com.st.stm32cube.ide.mcu.externaltools.gnu-tools-for-stm32.12.3.rel1.win32_1.0.200.202406191623/tools/bin/../lib/gcc/arm-none-eabi/12.3.1/thumb/v7e-m+fp/hard/crtbegin.o
 *(.text*)
 .text.NVIC_EnableIRQ
                0x080001c8       0x34 ./Core/Src/main.o
 .text.NVIC_SetPriority
                0x080001fc       0x54 ./Core/Src/main.o
 .text.main     0x08000250       0x66 ./Core/Src/main.o
                0x08000250                main
 *fill*         0x080002b6        0x2 
 .text.UART2_Init_Interrupt
                0x080002b8       0xe0 ./Core/Src/main.o
                0x080002b8                UART2_Init_Interrupt
 .text.UART2_SendChar
                0x08000398       0x34 ./Core/Src/main.o
                0x08000398                UART2_SendChar
 .text.USART2_IRQHandler
                0x080003cc       0x30 ./Core/Src/main.o
                0x080003cc                USART2_IRQHandler
 .text.NVIC_Init
                0x080003fc       0xc4 ./Core/Src/misc.o
                0x080003fc                NVIC_Init
 .text.UB_VGA_Screen_Init
                0x080004c0       0x80 ./Core/Src/stm32_ub_vga_screen.o
                0x080004c0                UB_VGA_Screen_Init
 .text.UB_VGA_SetPixel
                0x08000540       0x50 ./Core/Src/stm32_ub_vga_screen.o
                0x08000540                UB_VGA_SetPixel
 .text.P_VGA_InitIO
                0x08000590       0xa8 ./Core/Src/stm32_ub_vga_screen.o
                0x08000590                P_VGA_InitIO
 .text.P_VGA_InitTIM
                0x08000638       0xcc ./Core/Src/stm32_ub_vga_screen.o
                0x08000638                P_VGA_InitTIM
 .text.P_VGA_InitINT
                0x08000704       0x58 ./Core/Src/stm32_ub_vga_screen.o
                0x08000704                P_VGA_InitINT
 .text.P_VGA_InitDMA
                0x0800075c       0x90 ./Core/Src/stm32_ub_vga_screen.o
                0x0800075c                P_VGA_InitDMA
 .text.TIM2_IRQHandler
                0x080007ec       0xbc ./Core/Src/stm32_ub_vga_screen.o
                0x080007ec                TIM2_IRQHandler
 .text.DMA2_Stream5_IRQHandler
                0x080008a8       0x4c ./Core/Src/stm32_ub_vga_screen.o
                0x080008a8                DMA2_Stream5_IRQHandler
 .text.DMA_DeInit
                0x080008f4      0x1a8 ./Core/Src/stm32f4xx_dma.o
                0x080008f4                DMA_DeInit
 .text.DMA_Init
                0x08000a9c       0xb0 ./Core/Src/stm32f4xx_dma.o
                0x08000a9c                DMA_Init
 .text.DMA_Cmd  0x08000b4c       0x38 ./Core/Src/stm32f4xx_dma.o
                0x08000b4c                DMA_Cmd
 .text.DMA_ITConfig
                0x08000b84       0x74 ./Core/Src/stm32f4xx_dma.o
                0x08000b84                DMA_ITConfig
 .text.DMA_GetITStatus
                0x08000bf8       0xb0 ./Core/Src/stm32f4xx_dma.o
                0x08000bf8                DMA_GetITStatus
 .text.DMA_ClearITPendingBit
                0x08000ca8       0x5c ./Core/Src/stm32f4xx_dma.o
                0x08000ca8                DMA_ClearITPendingBit
 .text.GPIO_Init
                0x08000d04      0x11e ./Core/Src/stm32f4xx_gpio.o
                0x08000d04                GPIO_Init
 .text.GPIO_PinAFConfig
                0x08000e22       0x92 ./Core/Src/stm32f4xx_gpio.o
                0x08000e22                GPIO_PinAFConfig
 .text.RCC_AHB1PeriphClockCmd
                0x08000eb4       0x40 ./Core/Src/stm32f4xx_rcc.o
                0x08000eb4                RCC_AHB1PeriphClockCmd
 .text.RCC_APB1PeriphClockCmd
                0x08000ef4       0x40 ./Core/Src/stm32f4xx_rcc.o
                0x08000ef4                RCC_APB1PeriphClockCmd
 .text.RCC_APB2PeriphClockCmd
                0x08000f34       0x40 ./Core/Src/stm32f4xx_rcc.o
                0x08000f34                RCC_APB2PeriphClockCmd
 .text.TIM_TimeBaseInit
                0x08000f74       0xd8 ./Core/Src/stm32f4xx_tim.o
                0x08000f74                TIM_TimeBaseInit
 .text.TIM_ARRPreloadConfig
                0x0800104c       0x40 ./Core/Src/stm32f4xx_tim.o
                0x0800104c                TIM_ARRPreloadConfig
 .text.TIM_Cmd  0x0800108c       0x40 ./Core/Src/stm32f4xx_tim.o
                0x0800108c                TIM_Cmd
 .text.TIM_OC3Init
                0x080010cc      0x10c ./Core/Src/stm32f4xx_tim.o
                0x080010cc                TIM_OC3Init
 .text.TIM_OC4Init
                0x080011d8       0xd0 ./Core/Src/stm32f4xx_tim.o
                0x080011d8                TIM_OC4Init
 .text.TIM_OC3PreloadConfig
                0x080012a8       0x38 ./Core/Src/stm32f4xx_tim.o
                0x080012a8                TIM_OC3PreloadConfig
 .text.TIM_OC4PreloadConfig
                0x080012e0       0x3c ./Core/Src/stm32f4xx_tim.o
                0x080012e0                TIM_OC4PreloadConfig
 .text.TIM_ITConfig
                0x0800131c       0x48 ./Core/Src/stm32f4xx_tim.o
                0x0800131c                TIM_ITConfig
 .text.TIM_ClearITPendingBit
                0x08001364       0x22 ./Core/Src/stm32f4xx_tim.o
                0x08001364                TIM_ClearITPendingBit
 .text.TIM_DMACmd
                0x08001386       0x48 ./Core/Src/stm32f4xx_tim.o
                0x08001386                TIM_DMACmd
 *fill*         0x080013ce        0x2 
 .text.SystemInit
                0x080013d0       0x5c ./Core/Src/system_stm32f4xx.o
                0x080013d0                SystemInit
 .text.SetSysClock
                0x0800142c       0xf8 ./Core/Src/system_stm32f4xx.o
 .text.Reset_Handler
                0x08001524       0x50 ./Core/Startup/startup_stm32f407vgtx.o
                0x08001524                Reset_Handler
 .text.Default_Handler
                0x08001574        0x2 ./Core/Startup/startup_stm32f407vgtx.o
                0x08001574                RTC_Alarm_IRQHandler
                0x08001574                HASH_RNG_IRQHandler
                0x08001574                EXTI2_IRQHandler
                0x08001574                TIM8_CC_IRQHandler
                0x08001574                DebugMon_Handler
                0x08001574                TIM1_CC_IRQHandler
                0x08001574                HardFault_Handler
                0x08001574                DMA1_Stream5_IRQHandler
                0x08001574                SysTick_Handler
                0x08001574                PVD_IRQHandler
                0x08001574                SDIO_IRQHandler
                0x08001574                TAMP_STAMP_IRQHandler
                0x08001574                PendSV_Handler
                0x08001574                NMI_Handler
                0x08001574                CAN2_RX1_IRQHandler
                0x08001574                EXTI3_IRQHandler
                0x08001574                TIM8_TRG_COM_TIM14_IRQHandler
                0x08001574                TIM1_UP_TIM10_IRQHandler
                0x08001574                TIM8_UP_TIM13_IRQHandler
                0x08001574                I2C3_ER_IRQHandler
                0x08001574                EXTI0_IRQHandler
                0x08001574                I2C2_EV_IRQHandler
                0x08001574                DMA1_Stream2_IRQHandler
                0x08001574                CAN1_RX0_IRQHandler
                0x08001574                FPU_IRQHandler
                0x08001574                OTG_HS_WKUP_IRQHandler
                0x08001574                UsageFault_Handler
                0x08001574                CAN2_SCE_IRQHandler
                0x08001574                DMA2_Stream2_IRQHandler
                0x08001574                SPI1_IRQHandler
                0x08001574                TIM6_DAC_IRQHandler
                0x08001574                TIM1_BRK_TIM9_IRQHandler
                0x08001574                DCMI_IRQHandler
                0x08001574                CAN2_RX0_IRQHandler
                0x08001574                DMA2_Stream3_IRQHandler
                0x08001574                USART6_IRQHandler
                0x08001574                USART3_IRQHandler
                0x08001574                CAN1_RX1_IRQHandler
                0x08001574                UART5_IRQHandler
                0x08001574                DMA2_Stream0_IRQHandler
                0x08001574                TIM4_IRQHandler
                0x08001574                I2C1_EV_IRQHandler
                0x08001574                DMA1_Stream6_IRQHandler
                0x08001574                DMA1_Stream1_IRQHandler
                0x08001574                UART4_IRQHandler
                0x08001574                TIM3_IRQHandler
                0x08001574                RCC_IRQHandler
                0x08001574                TIM8_BRK_TIM12_IRQHandler
                0x08001574                Default_Handler
                0x08001574                EXTI15_10_IRQHandler
                0x08001574                ADC_IRQHandler
                0x08001574                DMA1_Stream7_IRQHandler
                0x08001574                TIM7_IRQHandler
                0x08001574                CAN2_TX_IRQHandler
                0x08001574                TIM5_IRQHandler
                0x08001574                DMA2_Stream7_IRQHandler
                0x08001574                I2C3_EV_IRQHandler
                0x08001574                EXTI9_5_IRQHandler
                0x08001574                RTC_WKUP_IRQHandler
                0x08001574                ETH_WKUP_IRQHandler
                0x08001574                SPI2_IRQHandler
                0x08001574                OTG_HS_EP1_IN_IRQHandler
                0x08001574                MemManage_Handler
                0x08001574                DMA1_Stream0_IRQHandler
                0x08001574                CAN1_TX_IRQHandler
                0x08001574                SVC_Handler
                0x08001574                EXTI4_IRQHandler
                0x08001574                FSMC_IRQHandler
                0x08001574                ETH_IRQHandler
                0x08001574                OTG_HS_EP1_OUT_IRQHandler
                0x08001574                WWDG_IRQHandler
                0x08001574                OTG_FS_WKUP_IRQHandler
                0x08001574                TIM1_TRG_COM_TIM11_IRQHandler
                0x08001574                OTG_HS_IRQHandler
                0x08001574                EXTI1_IRQHandler
                0x08001574                I2C2_ER_IRQHandler
                0x08001574                DMA2_Stream1_IRQHandler
                0x08001574                CAN1_SCE_IRQHandler
                0x08001574                FLASH_IRQHandler
                0x08001574                DMA2_Stream4_IRQHandler
                0x08001574                BusFault_Handler
                0x08001574                USART1_IRQHandler
                0x08001574                OTG_FS_IRQHandler
                0x08001574                SPI3_IRQHandler
                0x08001574                DMA1_Stream4_IRQHandler
                0x08001574                I2C1_ER_IRQHandler
                0x08001574                DMA2_Stream6_IRQHandler
                0x08001574                DMA1_Stream3_IRQHandler
 *fill*         0x08001576        0x2 
 .text.__libc_init_array
                0x08001578       0x48 C:/ST/STM32CubeIDE_1.16.0/STM32CubeIDE/plugins/com.st.stm32cube.ide.mcu.externaltools.gnu-tools-for-stm32.12.3.rel1.win32_1.0.200.202406191623/tools/bin/../lib/gcc/arm-none-eabi/12.3.1/../../../../arm-none-eabi/lib/thumb/v7e-m+fp/hard\libc_nano.a(libc_a-init.o)
                0x08001578                __libc_init_array
 *(.glue_7)
 .glue_7        0x080015c0        0x0 linker stubs
 *(.glue_7t)
 .glue_7t       0x080015c0        0x0 linker stubs
 *(.eh_frame)
 .eh_frame      0x080015c0        0x0 C:/ST/STM32CubeIDE_1.16.0/STM32CubeIDE/plugins/com.st.stm32cube.ide.mcu.externaltools.gnu-tools-for-stm32.12.3.rel1.win32_1.0.200.202406191623/tools/bin/../lib/gcc/arm-none-eabi/12.3.1/thumb/v7e-m+fp/hard/crtbegin.o
 *(.init)
 .init          0x080015c0        0x4 C:/ST/STM32CubeIDE_1.16.0/STM32CubeIDE/plugins/com.st.stm32cube.ide.mcu.externaltools.gnu-tools-for-stm32.12.3.rel1.win32_1.0.200.202406191623/tools/bin/../lib/gcc/arm-none-eabi/12.3.1/thumb/v7e-m+fp/hard/crti.o
                0x080015c0                _init
 .init          0x080015c4        0x8 C:/ST/STM32CubeIDE_1.16.0/STM32CubeIDE/plugins/com.st.stm32cube.ide.mcu.externaltools.gnu-tools-for-stm32.12.3.rel1.win32_1.0.200.202406191623/tools/bin/../lib/gcc/arm-none-eabi/12.3.1/thumb/v7e-m+fp/hard/crtn.o
 *(.fini)
 .fini          0x080015cc        0x4 C:/ST/STM32CubeIDE_1.16.0/STM32CubeIDE/plugins/com.st.stm32cube.ide.mcu.externaltools.gnu-tools-for-stm32.12.3.rel1.win32_1.0.200.202406191623/tools/bin/../lib/gcc/arm-none-eabi/12.3.1/thumb/v7e-m+fp/hard/crti.o
                0x080015cc                _fini
 .fini          0x080015d0        0x8 C:/ST/STM32CubeIDE_1.16.0/STM32CubeIDE/plugins/com.st.stm32cube.ide.mcu.externaltools.gnu-tools-for-stm32.12.3.rel1.win32_1.0.200.202406191623/tools/bin/../lib/gcc/arm-none-eabi/12.3.1/thumb/v7e-m+fp/hard/crtn.o
                0x080015d8                        . = ALIGN (0x4)
                0x080015d8                        _etext = .

.vfp11_veneer   0x080015d8        0x0
 .vfp11_veneer  0x080015d8        0x0 linker stubs

.v4_bx          0x080015d8        0x0
 .v4_bx         0x080015d8        0x0 linker stubs

.iplt           0x080015d8        0x0
 .iplt          0x080015d8        0x0 C:/ST/STM32CubeIDE_1.16.0/STM32CubeIDE/plugins/com.st.stm32cube.ide.mcu.externaltools.gnu-tools-for-stm32.12.3.rel1.win32_1.0.200.202406191623/tools/bin/../lib/gcc/arm-none-eabi/12.3.1/thumb/v7e-m+fp/hard/crtbegin.o

.rel.dyn        0x080015d8        0x0
 .rel.iplt      0x080015d8        0x0 C:/ST/STM32CubeIDE_1.16.0/STM32CubeIDE/plugins/com.st.stm32cube.ide.mcu.externaltools.gnu-tools-for-stm32.12.3.rel1.win32_1.0.200.202406191623/tools/bin/../lib/gcc/arm-none-eabi/12.3.1/thumb/v7e-m+fp/hard/crtbegin.o

.rodata         0x080015d8        0x0
                0x080015d8                        . = ALIGN (0x4)
 *(.rodata)
 *(.rodata*)
                0x080015d8                        . = ALIGN (0x4)

.ARM.extab      0x080015d8        0x0
                0x080015d8                        . = ALIGN (0x4)
 *(.ARM.extab* .gnu.linkonce.armextab.*)
                0x080015d8                        . = ALIGN (0x4)

.ARM            0x080015d8        0x0
                0x080015d8                        . = ALIGN (0x4)
                0x080015d8                        __exidx_start = .
 *(.ARM.exidx*)
                0x080015d8                        __exidx_end = .
                0x080015d8                        . = ALIGN (0x4)

.preinit_array  0x080015d8        0x0
                0x080015d8                        . = ALIGN (0x4)
                0x080015d8                        PROVIDE (__preinit_array_start = .)
 *(.preinit_array*)
                0x080015d8                        PROVIDE (__preinit_array_end = .)
                0x080015d8                        . = ALIGN (0x4)

.init_array     0x080015d8        0x4
                0x080015d8                        . = ALIGN (0x4)
                0x080015d8                        PROVIDE (__init_array_start = .)
 *(SORT_BY_NAME(.init_array.*))
 *(.init_array*)
 .init_array    0x080015d8        0x4 C:/ST/STM32CubeIDE_1.16.0/STM32CubeIDE/plugins/com.st.stm32cube.ide.mcu.externaltools.gnu-tools-for-stm32.12.3.rel1.win32_1.0.200.202406191623/tools/bin/../lib/gcc/arm-none-eabi/12.3.1/thumb/v7e-m+fp/hard/crtbegin.o
                0x080015dc                        PROVIDE (__init_array_end = .)
                0x080015dc                        . = ALIGN (0x4)

.fini_array     0x080015dc        0x4
                0x080015dc                        . = ALIGN (0x4)
                [!provide]                        PROVIDE (__fini_array_start = .)
 *(SORT_BY_NAME(.fini_array.*))
 *(.fini_array*)
 .fini_array    0x080015dc        0x4 C:/ST/STM32CubeIDE_1.16.0/STM32CubeIDE/plugins/com.st.stm32cube.ide.mcu.externaltools.gnu-tools-for-stm32.12.3.rel1.win32_1.0.200.202406191623/tools/bin/../lib/gcc/arm-none-eabi/12.3.1/thumb/v7e-m+fp/hard/crtbegin.o
                [!provide]                        PROVIDE (__fini_array_end = .)
                0x080015e0                        . = ALIGN (0x4)
                0x080015e0                        _sidata = LOADADDR (.data)

.data           0x20000000        0x4 load address 0x080015e0
                0x20000000                        . = ALIGN (0x4)
                0x20000000                        _sdata = .
 *(.data)
 *(.data*)
 .data.SystemCoreClock
                0x20000000        0x4 ./Core/Src/system_stm32f4xx.o
                0x20000000                SystemCoreClock
                0x20000004                        . = ALIGN (0x4)
                0x20000004                        _edata = .

.igot.plt       0x20000004        0x0 load address 0x080015e4
 .igot.plt      0x20000004        0x0 C:/ST/STM32CubeIDE_1.16.0/STM32CubeIDE/plugins/com.st.stm32cube.ide.mcu.externaltools.gnu-tools-for-stm32.12.3.rel1.win32_1.0.200.202406191623/tools/bin/../lib/gcc/arm-none-eabi/12.3.1/thumb/v7e-m+fp/hard/crtbegin.o
                0x20000004                        . = ALIGN (0x4)

.bss            0x20000004    0x12d18 load address 0x080015e4
                0x20000004                        _sbss = .
                0x20000004                        __bss_start__ = _sbss
 *(.bss)
 .bss           0x20000004       0x1c C:/ST/STM32CubeIDE_1.16.0/STM32CubeIDE/plugins/com.st.stm32cube.ide.mcu.externaltools.gnu-tools-for-stm32.12.3.rel1.win32_1.0.200.202406191623/tools/bin/../lib/gcc/arm-none-eabi/12.3.1/thumb/v7e-m+fp/hard/crtbegin.o
 *(.bss*)
 .bss.VGA       0x20000020        0xc ./Core/Src/stm32_ub_vga_screen.o
                0x20000020                VGA
 .bss.VGA_RAM1  0x2000002c    0x12cf0 ./Core/Src/stm32_ub_vga_screen.o
                0x2000002c                VGA_RAM1
 *(COMMON)
                0x20012d1c                        . = ALIGN (0x4)
                0x20012d1c                        _ebss = .
                0x20012d1c                        __bss_end__ = _ebss

._user_heap_stack
                0x20012d1c      0x604 load address 0x080015e4
                0x20012d20                        . = ALIGN (0x8)
 *fill*         0x20012d1c        0x4 
                0x20012d20                        PROVIDE (end = .)
                [!provide]                        PROVIDE (_end = .)
                0x20012f20                        . = (. + _Min_Heap_Size)
 *fill*         0x20012d20      0x200 
                0x20013320                        . = (. + _Min_Stack_Size)
 *fill*         0x20012f20      0x400 
                0x20013320                        . = ALIGN (0x8)

/DISCARD/
 libc.a(*)
 libm.a(*)
 libgcc.a(*)

.ARM.attributes
                0x00000000       0x30
 *(.ARM.attributes)
 .ARM.attributes
                0x00000000       0x22 C:/ST/STM32CubeIDE_1.16.0/STM32CubeIDE/plugins/com.st.stm32cube.ide.mcu.externaltools.gnu-tools-for-stm32.12.3.rel1.win32_1.0.200.202406191623/tools/bin/../lib/gcc/arm-none-eabi/12.3.1/thumb/v7e-m+fp/hard/crti.o
 .ARM.attributes
                0x00000022       0x34 C:/ST/STM32CubeIDE_1.16.0/STM32CubeIDE/plugins/com.st.stm32cube.ide.mcu.externaltools.gnu-tools-for-stm32.12.3.rel1.win32_1.0.200.202406191623/tools/bin/../lib/gcc/arm-none-eabi/12.3.1/thumb/v7e-m+fp/hard/crtbegin.o
 .ARM.attributes
                0x00000056       0x34 ./Core/Src/main.o
 .ARM.attributes
                0x0000008a       0x34 ./Core/Src/misc.o
 .ARM.attributes
                0x000000be       0x34 ./Core/Src/stm32_ub_vga_screen.o
 .ARM.attributes
                0x000000f2       0x34 ./Core/Src/stm32f4xx_dma.o
 .ARM.attributes
                0x00000126       0x34 ./Core/Src/stm32f4xx_gpio.o
 .ARM.attributes
                0x0000015a       0x34 ./Core/Src/stm32f4xx_rcc.o
 .ARM.attributes
                0x0000018e       0x34 ./Core/Src/stm32f4xx_tim.o
 .ARM.attributes
                0x000001c2       0x34 ./Core/Src/system_stm32f4xx.o
 .ARM.attributes
                0x000001f6       0x21 ./Core/Startup/startup_stm32f407vgtx.o
 .ARM.attributes
                0x00000217       0x34 C:/ST/STM32CubeIDE_1.16.0/STM32CubeIDE/plugins/com.st.stm32cube.ide.mcu.externaltools.gnu-tools-for-stm32.12.3.rel1.win32_1.0.200.202406191623/tools/bin/../lib/gcc/arm-none-eabi/12.3.1/../../../../arm-none-eabi/lib/thumb/v7e-m+fp/hard\libc_nano.a(libc_a-init.o)
 .ARM.attributes
                0x0000024b       0x22 C:/ST/STM32CubeIDE_1.16.0/STM32CubeIDE/plugins/com.st.stm32cube.ide.mcu.externaltools.gnu-tools-for-stm32.12.3.rel1.win32_1.0.200.202406191623/tools/bin/../lib/gcc/arm-none-eabi/12.3.1/thumb/v7e-m+fp/hard/crtn.o
OUTPUT(VGA.elf elf32-littlearm)
LOAD linker stubs
LOAD C:/ST/STM32CubeIDE_1.16.0/STM32CubeIDE/plugins/com.st.stm32cube.ide.mcu.externaltools.gnu-tools-for-stm32.12.3.rel1.win32_1.0.200.202406191623/tools/bin/../lib/gcc/arm-none-eabi/12.3.1/../../../../arm-none-eabi/lib/thumb/v7e-m+fp/hard\libc.a
LOAD C:/ST/STM32CubeIDE_1.16.0/STM32CubeIDE/plugins/com.st.stm32cube.ide.mcu.externaltools.gnu-tools-for-stm32.12.3.rel1.win32_1.0.200.202406191623/tools/bin/../lib/gcc/arm-none-eabi/12.3.1/../../../../arm-none-eabi/lib/thumb/v7e-m+fp/hard\libm.a
LOAD C:/ST/STM32CubeIDE_1.16.0/STM32CubeIDE/plugins/com.st.stm32cube.ide.mcu.externaltools.gnu-tools-for-stm32.12.3.rel1.win32_1.0.200.202406191623/tools/bin/../lib/gcc/arm-none-eabi/12.3.1/thumb/v7e-m+fp/hard\libgcc.a

.debug_info     0x00000000     0x5817
 .debug_info    0x00000000      0xb3d ./Core/Src/main.o
 .debug_info    0x00000b3d      0x4fa ./Core/Src/misc.o
 .debug_info    0x00001037      0xd0c ./Core/Src/stm32_ub_vga_screen.o
 .debug_info    0x00001d43      0x6f3 ./Core/Src/stm32f4xx_dma.o
 .debug_info    0x00002436      0x60c ./Core/Src/stm32f4xx_gpio.o
 .debug_info    0x00002a42      0xbff ./Core/Src/stm32f4xx_rcc.o
 .debug_info    0x00003641     0x1bf5 ./Core/Src/stm32f4xx_tim.o
 .debug_info    0x00005236      0x5b1 ./Core/Src/system_stm32f4xx.o
 .debug_info    0x000057e7       0x30 ./Core/Startup/startup_stm32f407vgtx.o

.debug_abbrev   0x00000000      0xf50
 .debug_abbrev  0x00000000      0x277 ./Core/Src/main.o
 .debug_abbrev  0x00000277      0x17f ./Core/Src/misc.o
 .debug_abbrev  0x000003f6      0x28c ./Core/Src/stm32_ub_vga_screen.o
 .debug_abbrev  0x00000682      0x178 ./Core/Src/stm32f4xx_dma.o
 .debug_abbrev  0x000007fa      0x1ee ./Core/Src/stm32f4xx_gpio.o
 .debug_abbrev  0x000009e8      0x20d ./Core/Src/stm32f4xx_rcc.o
 .debug_abbrev  0x00000bf5      0x1ce ./Core/Src/stm32f4xx_tim.o
 .debug_abbrev  0x00000dc3      0x169 ./Core/Src/system_stm32f4xx.o
 .debug_abbrev  0x00000f2c       0x24 ./Core/Startup/startup_stm32f407vgtx.o

.debug_aranges  0x00000000      0x708
 .debug_aranges
                0x00000000       0x68 ./Core/Src/main.o
 .debug_aranges
                0x00000068       0x40 ./Core/Src/misc.o
 .debug_aranges
                0x000000a8       0x60 ./Core/Src/stm32_ub_vga_screen.o
 .debug_aranges
                0x00000108       0xb0 ./Core/Src/stm32f4xx_dma.o
 .debug_aranges
                0x000001b8       0x88 ./Core/Src/stm32f4xx_gpio.o
 .debug_aranges
                0x00000240      0x178 ./Core/Src/stm32f4xx_rcc.o
 .debug_aranges
                0x000003b8      0x2f8 ./Core/Src/stm32f4xx_tim.o
 .debug_aranges
                0x000006b0       0x30 ./Core/Src/system_stm32f4xx.o
 .debug_aranges
                0x000006e0       0x28 ./Core/Startup/startup_stm32f407vgtx.o

.debug_rnglists
                0x00000000      0x537
 .debug_rnglists
                0x00000000       0x4a ./Core/Src/main.o
 .debug_rnglists
                0x0000004a       0x2c ./Core/Src/misc.o
 .debug_rnglists
                0x00000076       0x48 ./Core/Src/stm32_ub_vga_screen.o
 .debug_rnglists
                0x000000be       0x82 ./Core/Src/stm32f4xx_dma.o
 .debug_rnglists
                0x00000140       0x64 ./Core/Src/stm32f4xx_gpio.o
 .debug_rnglists
                0x000001a4      0x116 ./Core/Src/stm32f4xx_rcc.o
 .debug_rnglists
                0x000002ba      0x243 ./Core/Src/stm32f4xx_tim.o
 .debug_rnglists
                0x000004fd       0x21 ./Core/Src/system_stm32f4xx.o
 .debug_rnglists
                0x0000051e       0x19 ./Core/Startup/startup_stm32f407vgtx.o

.debug_macro    0x00000000     0xd48b
 .debug_macro   0x00000000      0x1a1 ./Core/Src/main.o
 .debug_macro   0x000001a1      0xab4 ./Core/Src/main.o
 .debug_macro   0x00000c55       0x63 ./Core/Src/main.o
 .debug_macro   0x00000cb8       0x35 ./Core/Src/main.o
 .debug_macro   0x00000ced       0x22 ./Core/Src/main.o
 .debug_macro   0x00000d0f       0x8e ./Core/Src/main.o
 .debug_macro   0x00000d9d       0x51 ./Core/Src/main.o
 .debug_macro   0x00000dee      0x103 ./Core/Src/main.o
 .debug_macro   0x00000ef1       0x6a ./Core/Src/main.o
 .debug_macro   0x00000f5b      0x1df ./Core/Src/main.o
 .debug_macro   0x0000113a       0x18 ./Core/Src/main.o
 .debug_macro   0x00001152       0x42 ./Core/Src/main.o
 .debug_macro   0x00001194      0x8cb ./Core/Src/main.o
 .debug_macro   0x00001a5f     0x8088 ./Core/Src/main.o
 .debug_macro   0x00009ae7      0x265 ./Core/Src/main.o
 .debug_macro   0x00009d4c      0x538 ./Core/Src/main.o
 .debug_macro   0x0000a284      0x73b ./Core/Src/main.o
 .debug_macro   0x0000a9bf       0x7f ./Core/Src/main.o
 .debug_macro   0x0000aa3e      0x477 ./Core/Src/main.o
 .debug_macro   0x0000aeb5       0xa6 ./Core/Src/main.o
 .debug_macro   0x0000af5b       0x61 ./Core/Src/main.o
 .debug_macro   0x0000afbc       0x2a ./Core/Src/main.o
 .debug_macro   0x0000afe6       0x43 ./Core/Src/main.o
 .debug_macro   0x0000b029       0x34 ./Core/Src/main.o
 .debug_macro   0x0000b05d      0x189 ./Core/Src/main.o
 .debug_macro   0x0000b1e6       0x16 ./Core/Src/main.o
 .debug_macro   0x0000b1fc       0x43 ./Core/Src/main.o
 .debug_macro   0x0000b23f       0x34 ./Core/Src/main.o
 .debug_macro   0x0000b273       0x10 ./Core/Src/main.o
 .debug_macro   0x0000b283       0x58 ./Core/Src/main.o
 .debug_macro   0x0000b2db       0x8e ./Core/Src/main.o
 .debug_macro   0x0000b369       0x1c ./Core/Src/main.o
 .debug_macro   0x0000b385      0x177 ./Core/Src/main.o
 .debug_macro   0x0000b4fc      0x369 ./Core/Src/main.o
 .debug_macro   0x0000b865      0x19b ./Core/Src/main.o
 .debug_macro   0x0000ba00       0xc9 ./Core/Src/misc.o
 .debug_macro   0x0000bac9       0x79 ./Core/Src/misc.o
 .debug_macro   0x0000bb42       0x10 ./Core/Src/misc.o
 .debug_macro   0x0000bb52       0xe7 ./Core/Src/stm32_ub_vga_screen.o
 .debug_macro   0x0000bc39      0x120 ./Core/Src/stm32f4xx_dma.o
 .debug_macro   0x0000bd59      0x471 ./Core/Src/stm32f4xx_dma.o
 .debug_macro   0x0000c1ca       0xcc ./Core/Src/stm32f4xx_gpio.o
 .debug_macro   0x0000c296      0x25f ./Core/Src/stm32f4xx_gpio.o
 .debug_macro   0x0000c4f5      0x16b ./Core/Src/stm32f4xx_rcc.o
 .debug_macro   0x0000c660      0x532 ./Core/Src/stm32f4xx_rcc.o
 .debug_macro   0x0000cb92       0xf6 ./Core/Src/stm32f4xx_tim.o
 .debug_macro   0x0000cc88      0x735 ./Core/Src/stm32f4xx_tim.o
 .debug_macro   0x0000d3bd       0xce ./Core/Src/system_stm32f4xx.o

.debug_line     0x00000000     0x4ec2
 .debug_line    0x00000000      0x886 ./Core/Src/main.o
 .debug_line    0x00000886      0x5ad ./Core/Src/misc.o
 .debug_line    0x00000e33      0x7c2 ./Core/Src/stm32_ub_vga_screen.o
 .debug_line    0x000015f5      0x966 ./Core/Src/stm32f4xx_dma.o
 .debug_line    0x00001f5b      0x7bf ./Core/Src/stm32f4xx_gpio.o
 .debug_line    0x0000271a      0xc7c ./Core/Src/stm32f4xx_rcc.o
 .debug_line    0x00003396     0x1494 ./Core/Src/stm32f4xx_tim.o
 .debug_line    0x0000482a      0x621 ./Core/Src/system_stm32f4xx.o
 .debug_line    0x00004e4b       0x77 ./Core/Startup/startup_stm32f407vgtx.o

.debug_str      0x00000000    0x46bf2
 .debug_str     0x00000000    0x4483a ./Core/Src/main.o
                              0x44a5e (size before relaxing)
 .debug_str     0x0004483a      0x1f7 ./Core/Src/misc.o
                              0x35025 (size before relaxing)
 .debug_str     0x00044a31      0x664 ./Core/Src/stm32_ub_vga_screen.o
                              0x41295 (size before relaxing)
 .debug_str     0x00045095      0x525 ./Core/Src/stm32f4xx_dma.o
                              0x3aacc (size before relaxing)
 .debug_str     0x000455ba      0x172 ./Core/Src/stm32f4xx_gpio.o
                              0x38f46 (size before relaxing)
 .debug_str     0x0004572c      0x9cf ./Core/Src/stm32f4xx_rcc.o
                              0x3831f (size before relaxing)
 .debug_str     0x000460fb      0x9fa ./Core/Src/stm32f4xx_tim.o
                              0x3cab7 (size before relaxing)
 .debug_str     0x00046af5       0xb9 ./Core/Src/system_stm32f4xx.o
                              0x34b4a (size before relaxing)
 .debug_str     0x00046bae       0x44 ./Core/Startup/startup_stm32f407vgtx.o
                                 0x77 (size before relaxing)

.comment        0x00000000       0x43
 .comment       0x00000000       0x43 ./Core/Src/main.o
                                 0x44 (size before relaxing)
 .comment       0x00000043       0x44 ./Core/Src/misc.o
 .comment       0x00000043       0x44 ./Core/Src/stm32_ub_vga_screen.o
 .comment       0x00000043       0x44 ./Core/Src/stm32f4xx_dma.o
 .comment       0x00000043       0x44 ./Core/Src/stm32f4xx_gpio.o
 .comment       0x00000043       0x44 ./Core/Src/stm32f4xx_rcc.o
 .comment       0x00000043       0x44 ./Core/Src/stm32f4xx_tim.o
 .comment       0x00000043       0x44 ./Core/Src/system_stm32f4xx.o

.debug_frame    0x00000000     0x1eb4
 .debug_frame   0x00000000      0x180 ./Core/Src/main.o
 .debug_frame   0x00000180       0xd8 ./Core/Src/misc.o
 .debug_frame   0x00000258      0x148 ./Core/Src/stm32_ub_vga_screen.o
 .debug_frame   0x000003a0      0x308 ./Core/Src/stm32f4xx_dma.o
 .debug_frame   0x000006a8      0x23c ./Core/Src/stm32f4xx_gpio.o
 .debug_frame   0x000008e4      0x6d4 ./Core/Src/stm32f4xx_rcc.o
 .debug_frame   0x00000fb8      0xe54 ./Core/Src/stm32f4xx_tim.o
 .debug_frame   0x00001e0c       0x7c ./Core/Src/system_stm32f4xx.o
 .debug_frame   0x00001e88       0x2c C:/ST/STM32CubeIDE_1.16.0/STM32CubeIDE/plugins/com.st.stm32cube.ide.mcu.externaltools.gnu-tools-for-stm32.12.3.rel1.win32_1.0.200.202406191623/tools/bin/../lib/gcc/arm-none-eabi/12.3.1/../../../../arm-none-eabi/lib/thumb/v7e-m+fp/hard\libc_nano.a(libc_a-init.o)

.debug_line_str
                0x00000000       0x5b
 .debug_line_str
                0x00000000       0x5b ./Core/Startup/startup_stm32f407vgtx.o
