../Core/Src/stm32_ub_vga_screen.c:39:6:UB_VGA_Screen_Init	16	static
../Core/Src/stm32_ub_vga_screen.c:74:6:UB_VGA_FillScreen	24	static
../Core/Src/stm32_ub_vga_screen.c:90:6:UB_VGA_SetPixel	16	static
../Core/Src/stm32_ub_vga_screen.c:104:6:P_VGA_InitIO	16	static
../Core/Src/stm32_ub_vga_screen.c:173:6:P_VGA_InitTIM	40	static
../Core/Src/stm32_ub_vga_screen.c:245:6:P_VGA_InitINT	16	static
../Core/Src/stm32_ub_vga_screen.c:286:6:P_VGA_InitDMA	72	static
../Core/Src/stm32_ub_vga_screen.c:331:6:TIM2_IRQHandler	8	static
../Core/Src/stm32_ub_vga_screen.c:387:6:DMA2_Stream5_IRQHandler	8	static
